# emulator stdout/stderr (先頭 30 行 + 末尾 20 行; 全体       26 行)
WARNING: A terminally deprecated method in sun.misc.Unsafe has been called
WARNING: sun.misc.Unsafe::allocateMemory has been called by io.netty.util.internal.PlatformDependent0$2 (file:/Users/h.nomura/projects/git/hidane/research/jar/cloud-firestore-emulator-v1.22.0.jar)
WARNING: Please consider reporting this to the maintainers of class io.netty.util.internal.PlatformDependent0$2
WARNING: sun.misc.Unsafe::allocateMemory will be removed in a future release
10月 09, 2026 6:56:32 午後 com.google.cloud.datastore.emulator.firestore.websocket.WebSocketServer start
情報: Started WebSocket server on ws://127.0.0.1:61125

API endpoint: http://127.0.0.1:8094
Database Edition: STANDARD
Database Mode: CLOUD_FIRESTORE

If you are using a library that supports the FIRESTORE_EMULATOR_HOST environment variable, run:

   export FIRESTORE_EMULATOR_HOST=127.0.0.1:8094

If you are running a Firestore in Datastore Mode project, run:

   export DATASTORE_EMULATOR_HOST=127.0.0.1:8094

Note: Support for Datastore Mode is in preview. If you encounter any bugs please file at https://github.com/firebase/firebase-tools/issues.
Dev App Server is now running.

10月 09, 2026 6:56:35 午後 io.gapi.emulators.netty.HttpVersionRoutingHandler channelRead
情報: Detected HTTP/2 connection.
*** shutting down gRPC server since JVM is shutting down
*** server shut down
...

API endpoint: http://127.0.0.1:8094
Database Edition: STANDARD
Database Mode: CLOUD_FIRESTORE

If you are using a library that supports the FIRESTORE_EMULATOR_HOST environment variable, run:

   export FIRESTORE_EMULATOR_HOST=127.0.0.1:8094

If you are running a Firestore in Datastore Mode project, run:

   export DATASTORE_EMULATOR_HOST=127.0.0.1:8094

Note: Support for Datastore Mode is in preview. If you encounter any bugs please file at https://github.com/firebase/firebase-tools/issues.
Dev App Server is now running.

10月 09, 2026 6:56:35 午後 io.gapi.emulators.netty.HttpVersionRoutingHandler channelRead
情報: Detected HTTP/2 connection.
*** shutting down gRPC server since JVM is shutting down
*** server shut down
